error[SE0106]: malformed number literal `1e`
 --> tests/err/lexical.se:7:24
  |
7 |         a: double(-) = 1e;
  |                        ^^
  = note: §3.5: digits, one optional `.`, one optional `e`/`E` exponent
  = note: there are no type suffixes, digit separators, hex or octal literals

error[SE0103]: unterminated string literal
  --> tests/err/lexical.se:12:16
   |
12 |         define "unterminated
   |                ^ opened here
   = note: a string literal may not span a line break (§3.6)

error[SE0104]: unrecognised escape sequence `\e`
  --> tests/err/lexical.se:13:18
   |
13 |         link "bad\escape";
   |                  ^^
   = note: §3.6 allows only \" \\ \n \r \t \0
   = help: an unknown escape is rejected rather than passed through, so adding escapes later is not a silent behaviour change

error[SE0105]: unexpected `>`
  --> tests/err/lexical.se:16:16
   |
16 |         self.a > b.c;
   |                ^
   = note: `>` is not a token in this language; the connection operator is `-->` (§3.7)

error[SE0102]: unterminated block comment
  --> tests/err/lexical.se:18:5
   |
18 |     /* this comment never ends
   |     ^^ opened here
   = note: expected `*/` before end of file
   = note: block comments do not nest (SPECIFICATION.md §3.2)

error[SE0201]: expected `}` to close the node body, found end of file
  --> tests/err/lexical.se:20:1
   |
20 | 
   | ^ expected `}`

6 errors emitted
