error[SE0211]: child instance outside a `structure` block
  --> tests/err/structure.se:15:5
   |
15 |     node inner : Gain { k = 2.0; };
   |     ^^^^ `node` here declares a child instance
   = note: a composite's children and wires live in `structure { ... }` (§6.9)
   = help: wrap the instances and wires in `structure { ... }`

error[SE0208]: expected `;` after the instance declaration
  --> tests/err/structure.se:25:5
   |
25 |     }
   |     ^ expected `;`
   = note: the `;` after the closing brace is required: it terminates the statement, as a port declaration's does (§6.9.1)

error[SE0214]: an interior endpoint of a wire chain must be a bare instance name
  --> tests/err/structure.se:39:20
   |
39 |         self.u --> g.y --> h --> self.y;
   |                    ^^^ names a port
   = note: `a --> b --> c` means `a --> b; b --> c;`, so `b` is a destination and a source at once and a port name here would have to name two different ports (§6.9.2)
   = help: split the chain into separate wires

error[SE0214]: an interior endpoint of a wire chain must be a bare instance name
  --> tests/err/structure.se:44:15
   |
44 |         g --> self --> self --> h;
   |               ^^^^ `self` here
   = note: `a --> b --> c` means `a --> b; b --> c;`, so `b` is a destination and a source at once and a port name here would have to name two different ports (§6.9.2)
   = help: split the chain into separate wires

error[SE0214]: an interior endpoint of a wire chain must be a bare instance name
  --> tests/err/structure.se:44:24
   |
44 |         g --> self --> self --> h;
   |                        ^^^^ `self` here
   = note: `a --> b --> c` means `a --> b; b --> c;`, so `b` is a destination and a source at once and a port name here would have to name two different ports (§6.9.2)
   = help: split the chain into separate wires

5 errors emitted
